// Jest Snapshot v1, https://goo.gl/fbAQLP

exports[`Registration Component Tests Should Render Issue Form page 1`] = `ReactWrapper {}`;
