// Jest Snapshot v1, https://goo.gl/fbAQLP

exports[`Navigation Bar Tests Should Render All Issues Without Auth 1`] = `ReactWrapper {}`;
