// Jest Snapshot v1, https://goo.gl/fbAQLP

exports[`Customize Fields Tests Should Render Customize Fields Component 1`] = `ReactWrapper {}`;
