// Jest Snapshot v1, https://goo.gl/fbAQLP

exports[`Navigation Bar Tests Should Render Customize Fields Component With Props as true 1`] = `ReactWrapper {}`;
