// Jest Snapshot v1, https://goo.gl/fbAQLP

exports[`Loader Tests Should Render Loader page 1`] = `ReactWrapper {}`;
