// Jest Snapshot v1, https://goo.gl/fbAQLP

exports[`Navigation Bar Tests Should Render navigation Bar without Auth 1`] = `ReactWrapper {}`;
