// Jest Snapshot v1, https://goo.gl/fbAQLP

exports[`Sign In Form Container Tests Should Render SignIn Form Snapshot 1`] = `ReactWrapper {}`;
