// Jest Snapshot v1, https://goo.gl/fbAQLP

exports[`Registration Component Tests Should Render Registration page 1`] = `ReactWrapper {}`;
