// Jest Snapshot v1, https://goo.gl/fbAQLP

exports[`NotFound Tests Should Render Not Found page 1`] = `ReactWrapper {}`;
