// Jest Snapshot v1, https://goo.gl/fbAQLP

exports[`About Page Tests Should Render About page 1`] = `ReactWrapper {}`;
